[23:05:02.934] [INFO] storybook v10.1.8
[23:05:04.538] [DEBUG] Getting package.json info for /Users/fuaadabdullah/ForgeMonorepo/apps/goblin-assistant/package.json...
[23:05:04.562] [WARN] Could not resolve addon "@storybook/addon-a11y", skipping. Is it installed?
[23:05:05.986] [WARN] Could not resolve addon "@storybook/addon-a11y", skipping. Is it installed?
[23:05:06.493] [DEBUG] Serving static files from [36m../../node_modules/.pnpm/@chromatic-com+storybook@4.1.3_storybook@10.1.8_@testing-library+dom@10.4.0_prettier@3._06fc7176ccc954c3789dbe5ce693902e/node_modules/@chromatic-com/storybook/assets[39m at [36m/addon-visual-tests-assets[39m
[23:05:06.493] [DEBUG] Serving static files from [36mpublic[39m at [36m/[39m
[23:05:06.493] [INFO] Starting...
[23:05:07.194] [DEBUG] Starting preview..
[23:05:08.453] [DEBUG] Using tsconfig paths for react-docgen
[23:05:08.720] [ERROR] Failed to build the preview
[23:05:08.726] [ERROR] [38;2;241;97;97mReferenceError: __dirname is not defined in ES module scope
This file is being treated as an ES module because it has a '.js' file extension and './package.json' contains "type": "module". To treat it as a CommonJS script, rename it to use the '.cjs' file extension.[39m
    at file://./next.config.js:9:26
    at ModuleJob.run (node:internal/modules/esm/module_job:325:25)
    at async ModuleLoader.import (node:internal/modules/esm/loader:606:24)
    at async loadConfig (/Users/fuaadabdullah/ForgeMonorepo/node_modules/.pnpm/next@15.5.9_@babel+core@7.28.5_@opentelemetry+api@1.9.0_@playwright+test@1.57.0_react-d_f105d8dc12b006b7edc4efac44f0e09f/node_modules/next/dist/server/config.js:1094:36)
    at async config (/Users/fuaadabdullah/ForgeMonorepo/node_modules/.pnpm/vite-plugin-storybook-nextjs@3.1.7_next@15.5.9_@babel+core@7.28.5_@opentelemetry+api@1._1405c673c3d32ff899ed9fafd020cc05/node_modules/vite-plugin-storybook-nextjs/dist/index.cjs:4957:36)
    at async runConfigHook (file:///Users/fuaadabdullah/ForgeMonorepo/node_modules/.pnpm/vite@6.4.1_@types+node@20.17.6_jiti@2.6.1_lightningcss@1.30.2_terser@5.44.1_tsx@4.7.0_yaml@2.8.1/node_modules/vite/dist/node/chunks/dep-D4NMHUTW.js:49479:17)
    at async resolveConfig (file:///Users/fuaadabdullah/ForgeMonorepo/node_modules/.pnpm/vite@6.4.1_@types+node@20.17.6_jiti@2.6.1_lightningcss@1.30.2_terser@5.44.1_tsx@4.7.0_yaml@2.8.1/node_modules/vite/dist/node/chunks/dep-D4NMHUTW.js:48785:12)
    at async _createServer (file:///Users/fuaadabdullah/ForgeMonorepo/node_modules/.pnpm/vite@6.4.1_@types+node@20.17.6_jiti@2.6.1_lightningcss@1.30.2_terser@5.44.1_tsx@4.7.0_yaml@2.8.1/node_modules/vite/dist/node/chunks/dep-D4NMHUTW.js:38349:66)
    at async Module.start (file:///Users/fuaadabdullah/ForgeMonorepo/node_modules/.pnpm/@storybook+builder-vite@10.1.8_esbuild@0.25.12_msw@2.12.4_@types+node@20.17.6_typescrip_9b1bd1e909ca82a20f6c4babfa162065/node_modules/@storybook/builder-vite/dist/index.js:6435:17)
    at async storybookDevServer (file:///Users/fuaadabdullah/ForgeMonorepo/node_modules/.pnpm/storybook@10.1.8_@testing-library+dom@10.4.0_prettier@3.7.4_react-dom@18.3.1_react@18.3.1__react@18.3.1/node_modules/storybook/dist/core-server/index.js:6806:82)
[23:05:08.733] [WARN] Broken build, fix the error above.
You may need to refresh the browser.
[23:05:08.801] [WARN] Could not resolve addon "@storybook/addon-a11y", skipping. Is it installed?